INFO - 2017-12-07 20:47:14,659 - Starting T1
INFO - 2017-12-07 20:47:14,659 - Starting T2
INFO - 2017-12-07 20:47:14,659 - Starting T3
INFO - 2017-12-07 20:47:14,659 - T1 got read lock on x2 having value 20
INFO - 2017-12-07 20:47:14,659 - T2 is blocked for a write lock by T1 on x2
INFO - 2017-12-07 20:47:14,659 - T3 will not get a read lock on x2 because T2 is already waiting for a write lock
INFO - 2017-12-07 20:47:14,659 - T1 read the value 20 of variable x2
INFO - 2017-12-07 20:47:14,659 - T1 committed
INFO - 2017-12-07 20:47:14,660 - Clearing locks for T1 variable: x2
INFO - 2017-12-07 20:47:14,660 - T2 got write lock on x2
INFO - 2017-12-07 20:47:14,660 - T3 is blocked by T2 on x2
INFO - 2017-12-07 20:47:14,660 - Site 3 failed
INFO - 2017-12-07 20:47:14,660 - T2 aborted as site 3 failed
INFO - 2017-12-07 20:47:14,660 - Site 3 recovered
INFO - 2017-12-07 20:47:14,660 - Clearing locks for T2 variable: x2
INFO - 2017-12-07 20:47:14,660 - T3 got read lock on x2 having value 20
INFO - 2017-12-07 20:47:14,660 - T3 already has a read lock on x2
INFO - 2017-12-07 20:47:14,661 - T3 read the value 20 of variable x2
INFO - 2017-12-07 20:47:14,661 - T3 committed
INFO - 2017-12-07 20:47:14,661 - Clearing locks for T3 variable: x2
INFO - 2017-12-07 20:47:14,661 - === Site 1 ===
INFO - 2017-12-07 20:47:14,661 - All other variables have same initial value
INFO - 2017-12-07 20:47:14,661 - === Site 2 ===
INFO - 2017-12-07 20:47:14,661 - All other variables have same initial value
INFO - 2017-12-07 20:47:14,661 - === Site 3 ===
INFO - 2017-12-07 20:47:14,661 - x2: is not available for reading
INFO - 2017-12-07 20:47:14,661 - x4: is not available for reading
INFO - 2017-12-07 20:47:14,661 - x6: is not available for reading
INFO - 2017-12-07 20:47:14,661 - x8: is not available for reading
INFO - 2017-12-07 20:47:14,661 - x10: is not available for reading
INFO - 2017-12-07 20:47:14,661 - x12: is not available for reading
INFO - 2017-12-07 20:47:14,661 - x14: is not available for reading
INFO - 2017-12-07 20:47:14,661 - x16: is not available for reading
INFO - 2017-12-07 20:47:14,661 - x18: is not available for reading
INFO - 2017-12-07 20:47:14,661 - x20: is not available for reading
INFO - 2017-12-07 20:47:14,662 - === Site 4 ===
INFO - 2017-12-07 20:47:14,662 - All other variables have same initial value
INFO - 2017-12-07 20:47:14,662 - === Site 5 ===
INFO - 2017-12-07 20:47:14,662 - All other variables have same initial value
INFO - 2017-12-07 20:47:14,662 - === Site 6 ===
INFO - 2017-12-07 20:47:14,662 - All other variables have same initial value
INFO - 2017-12-07 20:47:14,662 - === Site 7 ===
INFO - 2017-12-07 20:47:14,662 - All other variables have same initial value
INFO - 2017-12-07 20:47:14,662 - === Site 8 ===
INFO - 2017-12-07 20:47:14,662 - All other variables have same initial value
INFO - 2017-12-07 20:47:14,662 - === Site 9 ===
INFO - 2017-12-07 20:47:14,662 - All other variables have same initial value
INFO - 2017-12-07 20:47:14,662 - === Site 10 ===
INFO - 2017-12-07 20:47:14,662 - All other variables have same initial value
