INFO - 2017-12-08 15:27:51,692 - Starting T1
INFO - 2017-12-08 15:27:51,693 - T1 got write lock on x2
INFO - 2017-12-08 15:27:51,693 - T1 already has a read lock on x2
INFO - 2017-12-08 15:27:51,693 - T1 already has a write lock on x2
INFO - 2017-12-08 15:27:51,693 - T1 already has a read lock on x2
INFO - 2017-12-08 15:27:51,693 - T1 committed
INFO - 2017-12-08 15:27:51,693 - Clearing locks for T1 variable: x2
INFO - 2017-12-08 15:27:51,693 - === Site 1 ===
INFO - 2017-12-08 15:27:51,693 - x2:  202 at site 1
INFO - 2017-12-08 15:27:51,693 - All other variables have same initial value
INFO - 2017-12-08 15:27:51,694 - === Site 2 ===
INFO - 2017-12-08 15:27:51,694 - x2:  202 at site 2
INFO - 2017-12-08 15:27:51,694 - All other variables have same initial value
INFO - 2017-12-08 15:27:51,694 - === Site 3 ===
INFO - 2017-12-08 15:27:51,694 - x2:  202 at site 3
INFO - 2017-12-08 15:27:51,694 - All other variables have same initial value
INFO - 2017-12-08 15:27:51,694 - === Site 4 ===
INFO - 2017-12-08 15:27:51,694 - x2:  202 at site 4
INFO - 2017-12-08 15:27:51,694 - All other variables have same initial value
INFO - 2017-12-08 15:27:51,694 - === Site 5 ===
INFO - 2017-12-08 15:27:51,694 - x2:  202 at site 5
INFO - 2017-12-08 15:27:51,694 - All other variables have same initial value
INFO - 2017-12-08 15:27:51,694 - === Site 6 ===
INFO - 2017-12-08 15:27:51,694 - x2:  202 at site 6
INFO - 2017-12-08 15:27:51,694 - All other variables have same initial value
INFO - 2017-12-08 15:27:51,694 - === Site 7 ===
INFO - 2017-12-08 15:27:51,694 - x2:  202 at site 7
INFO - 2017-12-08 15:27:51,694 - All other variables have same initial value
INFO - 2017-12-08 15:27:51,694 - === Site 8 ===
INFO - 2017-12-08 15:27:51,695 - x2:  202 at site 8
INFO - 2017-12-08 15:27:51,695 - All other variables have same initial value
INFO - 2017-12-08 15:27:51,695 - === Site 9 ===
INFO - 2017-12-08 15:27:51,695 - x2:  202 at site 9
INFO - 2017-12-08 15:27:51,695 - All other variables have same initial value
INFO - 2017-12-08 15:27:51,695 - === Site 10 ===
INFO - 2017-12-08 15:27:51,695 - x2:  202 at site 10
INFO - 2017-12-08 15:27:51,695 - All other variables have same initial value
