INFO - 2017-12-08 18:28:34,996 - Starting T1
INFO - 2017-12-08 18:28:34,997 - Starting T2
INFO - 2017-12-08 18:28:34,997 - Starting read only transaction T3
INFO - 2017-12-08 18:28:34,997 - === Site 1 ===
INFO - 2017-12-08 18:28:34,997 - All other variables have same initial value
INFO - 2017-12-08 18:28:34,997 - === Site 2 ===
INFO - 2017-12-08 18:28:34,997 - All other variables have same initial value
INFO - 2017-12-08 18:28:34,997 - === Site 3 ===
INFO - 2017-12-08 18:28:34,998 - All other variables have same initial value
INFO - 2017-12-08 18:28:34,998 - === Site 4 ===
INFO - 2017-12-08 18:28:34,998 - All other variables have same initial value
INFO - 2017-12-08 18:28:34,998 - === Site 5 ===
INFO - 2017-12-08 18:28:34,998 - All other variables have same initial value
INFO - 2017-12-08 18:28:34,998 - === Site 6 ===
INFO - 2017-12-08 18:28:34,998 - All other variables have same initial value
INFO - 2017-12-08 18:28:34,998 - === Site 7 ===
INFO - 2017-12-08 18:28:34,998 - All other variables have same initial value
INFO - 2017-12-08 18:28:34,998 - === Site 8 ===
INFO - 2017-12-08 18:28:34,999 - All other variables have same initial value
INFO - 2017-12-08 18:28:34,999 - === Site 9 ===
INFO - 2017-12-08 18:28:34,999 - All other variables have same initial value
INFO - 2017-12-08 18:28:34,999 - === Site 10 ===
INFO - 2017-12-08 18:28:34,999 - All other variables have same initial value
INFO - 2017-12-08 18:28:34,999 - Site 1 failed
INFO - 2017-12-08 18:28:34,999 - Site 3 failed
INFO - 2017-12-08 18:28:34,999 - T2 got write lock on x3
INFO - 2017-12-08 18:28:35,000 - Site 4 failed
INFO - 2017-12-08 18:28:35,000 - T2 aborted as site 4 failed
INFO - 2017-12-08 18:28:35,000 - Clearing locks for T2 variable: x3
INFO - 2017-12-08 18:28:35,000 - T1 got read lock on x2 having value 20
INFO - 2017-12-08 18:28:35,000 - T1 got write lock on x2
INFO - 2017-12-08 18:28:35,001 - Site 4 recovered
INFO - 2017-12-08 18:28:35,001 - === Site 1 ===
INFO - 2017-12-08 18:28:35,001 - This site is down
INFO - 2017-12-08 18:28:35,001 - === Site 2 ===
INFO - 2017-12-08 18:28:35,001 - All other variables have same initial value
INFO - 2017-12-08 18:28:35,001 - === Site 3 ===
INFO - 2017-12-08 18:28:35,001 - This site is down
INFO - 2017-12-08 18:28:35,001 - === Site 4 ===
INFO - 2017-12-08 18:28:35,002 - x2: is not available for reading
INFO - 2017-12-08 18:28:35,002 - x3: 30 (available at site 4 for reading as it is the only copy or has been written after recovery)
INFO - 2017-12-08 18:28:35,002 - x4: is not available for reading
INFO - 2017-12-08 18:28:35,002 - x6: is not available for reading
INFO - 2017-12-08 18:28:35,002 - x8: is not available for reading
INFO - 2017-12-08 18:28:35,002 - x10: is not available for reading
INFO - 2017-12-08 18:28:35,002 - x12: is not available for reading
INFO - 2017-12-08 18:28:35,002 - x13: 130 (available at site 4 for reading as it is the only copy or has been written after recovery)
INFO - 2017-12-08 18:28:35,002 - x14: is not available for reading
INFO - 2017-12-08 18:28:35,002 - x16: is not available for reading
INFO - 2017-12-08 18:28:35,003 - x18: is not available for reading
INFO - 2017-12-08 18:28:35,003 - x20: is not available for reading
INFO - 2017-12-08 18:28:35,003 - === Site 5 ===
INFO - 2017-12-08 18:28:35,003 - All other variables have same initial value
INFO - 2017-12-08 18:28:35,003 - === Site 6 ===
INFO - 2017-12-08 18:28:35,003 - All other variables have same initial value
INFO - 2017-12-08 18:28:35,003 - === Site 7 ===
INFO - 2017-12-08 18:28:35,003 - All other variables have same initial value
INFO - 2017-12-08 18:28:35,003 - === Site 8 ===
INFO - 2017-12-08 18:28:35,003 - All other variables have same initial value
INFO - 2017-12-08 18:28:35,004 - === Site 9 ===
INFO - 2017-12-08 18:28:35,004 - All other variables have same initial value
INFO - 2017-12-08 18:28:35,004 - === Site 10 ===
INFO - 2017-12-08 18:28:35,004 - All other variables have same initial value
INFO - 2017-12-08 18:28:35,004 - Although, the site holding x3 is recovering, T1 got read lock on x3 having value 30 since its the only copy
INFO - 2017-12-08 18:28:35,005 - T1 read the value 20 of variable x2
INFO - 2017-12-08 18:28:35,005 - T1 read the value 30 of variable x3
INFO - 2017-12-08 18:28:35,005 - T1 committed
INFO - 2017-12-08 18:28:35,005 - Clearing locks for T1 variable: x2
INFO - 2017-12-08 18:28:35,005 - Clearing locks for T1 variable: x2
INFO - 2017-12-08 18:28:35,005 - Clearing locks for T1 variable: x3
INFO - 2017-12-08 18:28:35,006 - T3 read the value 30 of variable x3
INFO - 2017-12-08 18:28:35,006 - T3 committed
INFO - 2017-12-08 18:28:35,006 - === Site 1 ===
INFO - 2017-12-08 18:28:35,006 - This site is down
INFO - 2017-12-08 18:28:35,006 - === Site 2 ===
INFO - 2017-12-08 18:28:35,006 - x2:  10 at site 2
INFO - 2017-12-08 18:28:35,006 - All other variables have same initial value
INFO - 2017-12-08 18:28:35,006 - === Site 3 ===
INFO - 2017-12-08 18:28:35,006 - This site is down
INFO - 2017-12-08 18:28:35,006 - === Site 4 ===
INFO - 2017-12-08 18:28:35,007 - x2: is not available for reading
INFO - 2017-12-08 18:28:35,007 - x3: 30 (available at site 4 for reading as it is the only copy or has been written after recovery)
INFO - 2017-12-08 18:28:35,007 - x4: is not available for reading
INFO - 2017-12-08 18:28:35,007 - x6: is not available for reading
INFO - 2017-12-08 18:28:35,007 - x8: is not available for reading
INFO - 2017-12-08 18:28:35,007 - x10: is not available for reading
INFO - 2017-12-08 18:28:35,007 - x12: is not available for reading
INFO - 2017-12-08 18:28:35,007 - x13: 130 (available at site 4 for reading as it is the only copy or has been written after recovery)
INFO - 2017-12-08 18:28:35,007 - x14: is not available for reading
INFO - 2017-12-08 18:28:35,007 - x16: is not available for reading
INFO - 2017-12-08 18:28:35,008 - x18: is not available for reading
INFO - 2017-12-08 18:28:35,008 - x20: is not available for reading
INFO - 2017-12-08 18:28:35,008 - === Site 5 ===
INFO - 2017-12-08 18:28:35,008 - x2:  10 at site 5
INFO - 2017-12-08 18:28:35,008 - All other variables have same initial value
INFO - 2017-12-08 18:28:35,008 - === Site 6 ===
INFO - 2017-12-08 18:28:35,008 - x2:  10 at site 6
INFO - 2017-12-08 18:28:35,008 - All other variables have same initial value
INFO - 2017-12-08 18:28:35,008 - === Site 7 ===
INFO - 2017-12-08 18:28:35,008 - x2:  10 at site 7
INFO - 2017-12-08 18:28:35,008 - All other variables have same initial value
INFO - 2017-12-08 18:28:35,009 - === Site 8 ===
INFO - 2017-12-08 18:28:35,009 - x2:  10 at site 8
INFO - 2017-12-08 18:28:35,009 - All other variables have same initial value
INFO - 2017-12-08 18:28:35,009 - === Site 9 ===
INFO - 2017-12-08 18:28:35,009 - x2:  10 at site 9
INFO - 2017-12-08 18:28:35,009 - All other variables have same initial value
INFO - 2017-12-08 18:28:35,009 - === Site 10 ===
INFO - 2017-12-08 18:28:35,009 - x2:  10 at site 10
INFO - 2017-12-08 18:28:35,009 - All other variables have same initial value
INFO - 2017-12-08 18:28:35,010 - Starting T4
INFO - 2017-12-08 18:28:35,010 - Starting T5
INFO - 2017-12-08 18:28:35,010 - Starting read only transaction T6
INFO - 2017-12-08 18:28:35,010 - Site 2 failed
INFO - 2017-12-08 18:28:35,010 - Site 4 failed
INFO - 2017-12-08 18:28:35,010 - Site 5 failed
INFO - 2017-12-08 18:28:35,011 - Site 6 failed
INFO - 2017-12-08 18:28:35,011 - Site 7 failed
INFO - 2017-12-08 18:28:35,011 - Site 8 failed
INFO - 2017-12-08 18:28:35,011 - Site 9 failed
INFO - 2017-12-08 18:28:35,011 - Site 10 failed
INFO - 2017-12-08 18:28:35,011 - Site 2 recovered
INFO - 2017-12-08 18:28:35,011 - T4 is waiting on x2
INFO - 2017-12-08 18:28:35,012 - T5 got write lock on x2
INFO - 2017-12-08 18:28:35,012 - T4 is blocked by T5 on x2
INFO - 2017-12-08 18:28:35,012 - T5 committed
INFO - 2017-12-08 18:28:35,012 - Clearing locks for T5 variable: x2
INFO - 2017-12-08 18:28:35,012 - T4 got read lock on x2 having value None
INFO - 2017-12-08 18:28:35,013 - T4 already has a read lock on x2
INFO - 2017-12-08 18:28:35,013 - Although, the site holding x1 is recovering, T4 got read lock on x1 having value 10 since its the only copy
INFO - 2017-12-08 18:28:35,013 - === Site 1 ===
INFO - 2017-12-08 18:28:35,013 - This site is down
INFO - 2017-12-08 18:28:35,013 - === Site 2 ===
INFO - 2017-12-08 18:28:35,013 - x1: 10 (available at site 2 for reading as it is the only copy or has been written after recovery)
INFO - 2017-12-08 18:28:35,013 - x2: 100 (available at site 2 for reading as it is the only copy or has been written after recovery)
INFO - 2017-12-08 18:28:35,014 - x4: is not available for reading
INFO - 2017-12-08 18:28:35,014 - x6: is not available for reading
INFO - 2017-12-08 18:28:35,014 - x8: is not available for reading
INFO - 2017-12-08 18:28:35,014 - x10: is not available for reading
INFO - 2017-12-08 18:28:35,014 - x11: 110 (available at site 2 for reading as it is the only copy or has been written after recovery)
INFO - 2017-12-08 18:28:35,014 - x12: is not available for reading
INFO - 2017-12-08 18:28:35,014 - x14: is not available for reading
INFO - 2017-12-08 18:28:35,014 - x16: is not available for reading
INFO - 2017-12-08 18:28:35,014 - x18: is not available for reading
INFO - 2017-12-08 18:28:35,014 - x20: is not available for reading
INFO - 2017-12-08 18:28:35,014 - === Site 3 ===
INFO - 2017-12-08 18:28:35,015 - This site is down
INFO - 2017-12-08 18:28:35,015 - === Site 4 ===
INFO - 2017-12-08 18:28:35,015 - This site is down
INFO - 2017-12-08 18:28:35,015 - === Site 5 ===
INFO - 2017-12-08 18:28:35,015 - This site is down
INFO - 2017-12-08 18:28:35,015 - === Site 6 ===
INFO - 2017-12-08 18:28:35,015 - This site is down
INFO - 2017-12-08 18:28:35,015 - === Site 7 ===
INFO - 2017-12-08 18:28:35,015 - This site is down
INFO - 2017-12-08 18:28:35,015 - === Site 8 ===
INFO - 2017-12-08 18:28:35,015 - This site is down
INFO - 2017-12-08 18:28:35,016 - === Site 9 ===
INFO - 2017-12-08 18:28:35,016 - This site is down
INFO - 2017-12-08 18:28:35,016 - === Site 10 ===
INFO - 2017-12-08 18:28:35,016 - This site is down
INFO - 2017-12-08 18:28:35,016 - Site 4 recovered
INFO - 2017-12-08 18:28:35,016 - Site 2 failed
INFO - 2017-12-08 18:28:35,016 - T4 aborted as site 2 failed
INFO - 2017-12-08 18:28:35,016 - T4 aborted as site 2 failed
INFO - 2017-12-08 18:28:35,016 - === Site 1 ===
INFO - 2017-12-08 18:28:35,016 - This site is down
INFO - 2017-12-08 18:28:35,017 - === Site 2 ===
INFO - 2017-12-08 18:28:35,017 - This site is down
INFO - 2017-12-08 18:28:35,017 - === Site 3 ===
INFO - 2017-12-08 18:28:35,017 - This site is down
INFO - 2017-12-08 18:28:35,017 - === Site 4 ===
INFO - 2017-12-08 18:28:35,017 - x2: is not available for reading
INFO - 2017-12-08 18:28:35,017 - x3: 30 (available at site 4 for reading as it is the only copy or has been written after recovery)
INFO - 2017-12-08 18:28:35,017 - x4: is not available for reading
INFO - 2017-12-08 18:28:35,017 - x6: is not available for reading
INFO - 2017-12-08 18:28:35,017 - x8: is not available for reading
INFO - 2017-12-08 18:28:35,017 - x10: is not available for reading
INFO - 2017-12-08 18:28:35,018 - x12: is not available for reading
INFO - 2017-12-08 18:28:35,018 - x13: 130 (available at site 4 for reading as it is the only copy or has been written after recovery)
INFO - 2017-12-08 18:28:35,018 - x14: is not available for reading
INFO - 2017-12-08 18:28:35,018 - x16: is not available for reading
INFO - 2017-12-08 18:28:35,018 - x18: is not available for reading
INFO - 2017-12-08 18:28:35,018 - x20: is not available for reading
INFO - 2017-12-08 18:28:35,018 - === Site 5 ===
INFO - 2017-12-08 18:28:35,018 - This site is down
INFO - 2017-12-08 18:28:35,018 - === Site 6 ===
INFO - 2017-12-08 18:28:35,018 - This site is down
INFO - 2017-12-08 18:28:35,018 - === Site 7 ===
INFO - 2017-12-08 18:28:35,019 - This site is down
INFO - 2017-12-08 18:28:35,019 - === Site 8 ===
INFO - 2017-12-08 18:28:35,019 - This site is down
INFO - 2017-12-08 18:28:35,019 - === Site 9 ===
INFO - 2017-12-08 18:28:35,019 - This site is down
INFO - 2017-12-08 18:28:35,019 - === Site 10 ===
INFO - 2017-12-08 18:28:35,019 - This site is down
INFO - 2017-12-08 18:28:35,019 - Clearing locks for T4 variable: x1
INFO - 2017-12-08 18:28:35,019 - Clearing locks for T4 variable: x2
INFO - 2017-12-08 18:28:35,020 - Starting T7
INFO - 2017-12-08 18:28:35,020 - T7 got write lock on x4
INFO - 2017-12-08 18:28:35,020 - T7 committed
INFO - 2017-12-08 18:28:35,020 - Clearing locks for T7 variable: x4
INFO - 2017-12-08 18:28:35,021 - T6 read the value 40 of variable x4
INFO - 2017-12-08 18:28:35,021 - T6 committed
INFO - 2017-12-08 18:28:35,021 - === Site 1 ===
INFO - 2017-12-08 18:28:35,021 - This site is down
INFO - 2017-12-08 18:28:35,021 - === Site 2 ===
INFO - 2017-12-08 18:28:35,021 - This site is down
INFO - 2017-12-08 18:28:35,021 - === Site 3 ===
INFO - 2017-12-08 18:28:35,021 - This site is down
INFO - 2017-12-08 18:28:35,022 - === Site 4 ===
INFO - 2017-12-08 18:28:35,022 - x2: is not available for reading
INFO - 2017-12-08 18:28:35,022 - x3: 30 (available at site 4 for reading as it is the only copy or has been written after recovery)
INFO - 2017-12-08 18:28:35,022 - x4: 75 (available at site 4 for reading as it is the only copy or has been written after recovery)
INFO - 2017-12-08 18:28:35,022 - x6: is not available for reading
INFO - 2017-12-08 18:28:35,022 - x8: is not available for reading
INFO - 2017-12-08 18:28:35,022 - x10: is not available for reading
INFO - 2017-12-08 18:28:35,022 - x12: is not available for reading
INFO - 2017-12-08 18:28:35,022 - x13: 130 (available at site 4 for reading as it is the only copy or has been written after recovery)
INFO - 2017-12-08 18:28:35,022 - x14: is not available for reading
INFO - 2017-12-08 18:28:35,022 - x16: is not available for reading
INFO - 2017-12-08 18:28:35,022 - x18: is not available for reading
INFO - 2017-12-08 18:28:35,022 - x20: is not available for reading
INFO - 2017-12-08 18:28:35,022 - === Site 5 ===
INFO - 2017-12-08 18:28:35,023 - This site is down
INFO - 2017-12-08 18:28:35,023 - === Site 6 ===
INFO - 2017-12-08 18:28:35,023 - This site is down
INFO - 2017-12-08 18:28:35,023 - === Site 7 ===
INFO - 2017-12-08 18:28:35,023 - This site is down
INFO - 2017-12-08 18:28:35,023 - === Site 8 ===
INFO - 2017-12-08 18:28:35,023 - This site is down
INFO - 2017-12-08 18:28:35,023 - === Site 9 ===
INFO - 2017-12-08 18:28:35,023 - This site is down
INFO - 2017-12-08 18:28:35,023 - === Site 10 ===
INFO - 2017-12-08 18:28:35,023 - This site is down
