INFO - 2017-12-08 18:31:19,340 - Starting T1
INFO - 2017-12-08 18:31:19,341 - Starting T2
INFO - 2017-12-08 18:31:19,341 - Starting read only transaction T3
INFO - 2017-12-08 18:31:19,341 - === Site 1 ===
INFO - 2017-12-08 18:31:19,341 - All other variables have same initial value
INFO - 2017-12-08 18:31:19,341 - === Site 2 ===
INFO - 2017-12-08 18:31:19,341 - All other variables have same initial value
INFO - 2017-12-08 18:31:19,341 - === Site 3 ===
INFO - 2017-12-08 18:31:19,341 - All other variables have same initial value
INFO - 2017-12-08 18:31:19,341 - === Site 4 ===
INFO - 2017-12-08 18:31:19,341 - All other variables have same initial value
INFO - 2017-12-08 18:31:19,341 - === Site 5 ===
INFO - 2017-12-08 18:31:19,341 - All other variables have same initial value
INFO - 2017-12-08 18:31:19,341 - === Site 6 ===
INFO - 2017-12-08 18:31:19,342 - All other variables have same initial value
INFO - 2017-12-08 18:31:19,342 - === Site 7 ===
INFO - 2017-12-08 18:31:19,342 - All other variables have same initial value
INFO - 2017-12-08 18:31:19,342 - === Site 8 ===
INFO - 2017-12-08 18:31:19,342 - All other variables have same initial value
INFO - 2017-12-08 18:31:19,342 - === Site 9 ===
INFO - 2017-12-08 18:31:19,342 - All other variables have same initial value
INFO - 2017-12-08 18:31:19,342 - === Site 10 ===
INFO - 2017-12-08 18:31:19,342 - All other variables have same initial value
INFO - 2017-12-08 18:31:19,342 - T1 got write lock on x2
INFO - 2017-12-08 18:31:19,342 - T1 committed
INFO - 2017-12-08 18:31:19,342 - Clearing locks for T1 variable: x2
INFO - 2017-12-08 18:31:19,342 - Starting read only transaction T4
INFO - 2017-12-08 18:31:19,343 - T2 got write lock on x2
INFO - 2017-12-08 18:31:19,343 - T2 committed
INFO - 2017-12-08 18:31:19,343 - Clearing locks for T2 variable: x2
INFO - 2017-12-08 18:31:19,343 - Starting read only transaction T5
INFO - 2017-12-08 18:31:19,344 - T3 read the value 20 of variable x2
INFO - 2017-12-08 18:31:19,344 - T3 read the value 20 of variable x2
INFO - 2017-12-08 18:31:19,344 - T3 read the value 20 of variable x2
INFO - 2017-12-08 18:31:19,344 - T3 committed
INFO - 2017-12-08 18:31:19,344 - T4 read the value 100 of variable x2
INFO - 2017-12-08 18:31:19,344 - T4 read the value 100 of variable x2
INFO - 2017-12-08 18:31:19,344 - T4 committed
INFO - 2017-12-08 18:31:19,344 - T5 read the value 50 of variable x2
INFO - 2017-12-08 18:31:19,344 - T5 committed
INFO - 2017-12-08 18:31:19,344 - === Site 1 ===
INFO - 2017-12-08 18:31:19,344 - x2:  50 at site 1
INFO - 2017-12-08 18:31:19,344 - All other variables have same initial value
INFO - 2017-12-08 18:31:19,344 - === Site 2 ===
INFO - 2017-12-08 18:31:19,344 - x2:  50 at site 2
INFO - 2017-12-08 18:31:19,344 - All other variables have same initial value
INFO - 2017-12-08 18:31:19,344 - === Site 3 ===
INFO - 2017-12-08 18:31:19,344 - x2:  50 at site 3
INFO - 2017-12-08 18:31:19,344 - All other variables have same initial value
INFO - 2017-12-08 18:31:19,344 - === Site 4 ===
INFO - 2017-12-08 18:31:19,345 - x2:  50 at site 4
INFO - 2017-12-08 18:31:19,345 - All other variables have same initial value
INFO - 2017-12-08 18:31:19,345 - === Site 5 ===
INFO - 2017-12-08 18:31:19,345 - x2:  50 at site 5
INFO - 2017-12-08 18:31:19,345 - All other variables have same initial value
INFO - 2017-12-08 18:31:19,345 - === Site 6 ===
INFO - 2017-12-08 18:31:19,345 - x2:  50 at site 6
INFO - 2017-12-08 18:31:19,345 - All other variables have same initial value
INFO - 2017-12-08 18:31:19,345 - === Site 7 ===
INFO - 2017-12-08 18:31:19,345 - x2:  50 at site 7
INFO - 2017-12-08 18:31:19,345 - All other variables have same initial value
INFO - 2017-12-08 18:31:19,345 - === Site 8 ===
INFO - 2017-12-08 18:31:19,345 - x2:  50 at site 8
INFO - 2017-12-08 18:31:19,345 - All other variables have same initial value
INFO - 2017-12-08 18:31:19,345 - === Site 9 ===
INFO - 2017-12-08 18:31:19,345 - x2:  50 at site 9
INFO - 2017-12-08 18:31:19,345 - All other variables have same initial value
INFO - 2017-12-08 18:31:19,345 - === Site 10 ===
INFO - 2017-12-08 18:31:19,345 - x2:  50 at site 10
INFO - 2017-12-08 18:31:19,345 - All other variables have same initial value
INFO - 2017-12-08 18:31:19,346 - Starting T6
INFO - 2017-12-08 18:31:19,346 - Starting T7
INFO - 2017-12-08 18:31:19,346 - Starting T8
INFO - 2017-12-08 18:31:19,346 - T7 got write lock on x6
INFO - 2017-12-08 18:31:19,346 - T6 got write lock on x8
INFO - 2017-12-08 18:31:19,346 - T8 got write lock on x10
INFO - 2017-12-08 18:31:19,346 - T6 is blocked by T7 on x6
INFO - 2017-12-08 18:31:19,347 - T7 is blocked by T8 on x10
INFO - 2017-12-08 18:31:19,347 - T8 is blocked by T6 on x8
INFO - 2017-12-08 18:31:19,347 - T8 aborted as it is youngest in a deadlock
INFO - 2017-12-08 18:31:19,347 - Clearing locks for T8 variable: x10
INFO - 2017-12-08 18:31:19,347 - T7 got read lock on x10 having value 100
INFO - 2017-12-08 18:31:19,347 - T7 read the value 100 of variable x10
INFO - 2017-12-08 18:31:19,347 - T7 committed
INFO - 2017-12-08 18:31:19,347 - Clearing locks for T7 variable: x10
INFO - 2017-12-08 18:31:19,348 - Clearing locks for T7 variable: x6
INFO - 2017-12-08 18:31:19,348 - T6 got read lock on x6 having value 20
INFO - 2017-12-08 18:31:19,348 - T6 got read lock on x10 having value 100
INFO - 2017-12-08 18:31:19,348 - T6 already has a read lock on x8
INFO - 2017-12-08 18:31:19,348 - T6 read the value 20 of variable x6
INFO - 2017-12-08 18:31:19,348 - T6 read the value 100 of variable x10
INFO - 2017-12-08 18:31:19,348 - T6 committed
INFO - 2017-12-08 18:31:19,348 - Clearing locks for T6 variable: x10
INFO - 2017-12-08 18:31:19,348 - Clearing locks for T6 variable: x6
INFO - 2017-12-08 18:31:19,348 - Clearing locks for T6 variable: x8
INFO - 2017-12-08 18:31:19,349 - === Site 1 ===
INFO - 2017-12-08 18:31:19,349 - x2:  50 at site 1
INFO - 2017-12-08 18:31:19,349 - x6:  20 at site 1
INFO - 2017-12-08 18:31:19,349 - x8:  200 at site 1
INFO - 2017-12-08 18:31:19,349 - All other variables have same initial value
INFO - 2017-12-08 18:31:19,349 - === Site 2 ===
INFO - 2017-12-08 18:31:19,349 - x2:  50 at site 2
INFO - 2017-12-08 18:31:19,349 - x6:  20 at site 2
INFO - 2017-12-08 18:31:19,349 - x8:  200 at site 2
INFO - 2017-12-08 18:31:19,349 - All other variables have same initial value
INFO - 2017-12-08 18:31:19,349 - === Site 3 ===
INFO - 2017-12-08 18:31:19,349 - x2:  50 at site 3
INFO - 2017-12-08 18:31:19,349 - x6:  20 at site 3
INFO - 2017-12-08 18:31:19,349 - x8:  200 at site 3
INFO - 2017-12-08 18:31:19,349 - All other variables have same initial value
INFO - 2017-12-08 18:31:19,349 - === Site 4 ===
INFO - 2017-12-08 18:31:19,349 - x2:  50 at site 4
INFO - 2017-12-08 18:31:19,349 - x6:  20 at site 4
INFO - 2017-12-08 18:31:19,349 - x8:  200 at site 4
INFO - 2017-12-08 18:31:19,349 - All other variables have same initial value
INFO - 2017-12-08 18:31:19,349 - === Site 5 ===
INFO - 2017-12-08 18:31:19,349 - x2:  50 at site 5
INFO - 2017-12-08 18:31:19,350 - x6:  20 at site 5
INFO - 2017-12-08 18:31:19,350 - x8:  200 at site 5
INFO - 2017-12-08 18:31:19,350 - All other variables have same initial value
INFO - 2017-12-08 18:31:19,350 - === Site 6 ===
INFO - 2017-12-08 18:31:19,350 - x2:  50 at site 6
INFO - 2017-12-08 18:31:19,350 - x6:  20 at site 6
INFO - 2017-12-08 18:31:19,350 - x8:  200 at site 6
INFO - 2017-12-08 18:31:19,350 - All other variables have same initial value
INFO - 2017-12-08 18:31:19,350 - === Site 7 ===
INFO - 2017-12-08 18:31:19,350 - x2:  50 at site 7
INFO - 2017-12-08 18:31:19,350 - x6:  20 at site 7
INFO - 2017-12-08 18:31:19,350 - x8:  200 at site 7
INFO - 2017-12-08 18:31:19,350 - All other variables have same initial value
INFO - 2017-12-08 18:31:19,350 - === Site 8 ===
INFO - 2017-12-08 18:31:19,350 - x2:  50 at site 8
INFO - 2017-12-08 18:31:19,350 - x6:  20 at site 8
INFO - 2017-12-08 18:31:19,350 - x8:  200 at site 8
INFO - 2017-12-08 18:31:19,350 - All other variables have same initial value
INFO - 2017-12-08 18:31:19,350 - === Site 9 ===
INFO - 2017-12-08 18:31:19,350 - x2:  50 at site 9
INFO - 2017-12-08 18:31:19,350 - x6:  20 at site 9
INFO - 2017-12-08 18:31:19,351 - x8:  200 at site 9
INFO - 2017-12-08 18:31:19,351 - All other variables have same initial value
INFO - 2017-12-08 18:31:19,351 - === Site 10 ===
INFO - 2017-12-08 18:31:19,351 - x2:  50 at site 10
INFO - 2017-12-08 18:31:19,351 - x6:  20 at site 10
INFO - 2017-12-08 18:31:19,351 - x8:  200 at site 10
INFO - 2017-12-08 18:31:19,351 - All other variables have same initial value
INFO - 2017-12-08 18:31:19,351 - Starting T9
INFO - 2017-12-08 18:31:19,351 - Starting T10
INFO - 2017-12-08 18:31:19,352 - Starting T11
INFO - 2017-12-08 18:31:19,352 - Site 4 failed
INFO - 2017-12-08 18:31:19,352 - T9 is waiting on x3
INFO - 2017-12-08 18:31:19,352 - Site 4 recovered
INFO - 2017-12-08 18:31:19,352 - Site 1 failed
INFO - 2017-12-08 18:31:19,352 - Site 2 failed
INFO - 2017-12-08 18:31:19,352 - Site 3 failed
INFO - 2017-12-08 18:31:19,353 - Although, the site holding x3 is recovering, T9 got read lock on x3 having value 30 since its the only copy
INFO - 2017-12-08 18:31:19,353 - T9 got read lock on x2 having value 50
INFO - 2017-12-08 18:31:19,353 - T9 got write lock on x2
INFO - 2017-12-08 18:31:19,353 - T9 read the value 30 of variable x3
INFO - 2017-12-08 18:31:19,354 - T9 read the value 50 of variable x2
INFO - 2017-12-08 18:31:19,354 - T9 committed
INFO - 2017-12-08 18:31:19,354 - Clearing locks for T9 variable: x2
INFO - 2017-12-08 18:31:19,354 - Clearing locks for T9 variable: x2
INFO - 2017-12-08 18:31:19,354 - Clearing locks for T9 variable: x3
INFO - 2017-12-08 18:31:19,354 - T10 got read lock on x2 having value 9
INFO - 2017-12-08 18:31:19,354 - Starting read only transaction T12
INFO - 2017-12-08 18:31:19,355 - Site 4 failed
INFO - 2017-12-08 18:31:19,355 - T10 aborted as site 4 failed
INFO - 2017-12-08 18:31:19,355 - Site 5 failed
INFO - 2017-12-08 18:31:19,355 - Site 6 failed
INFO - 2017-12-08 18:31:19,355 - Site 7 failed
INFO - 2017-12-08 18:31:19,355 - Site 8 failed
INFO - 2017-12-08 18:31:19,355 - Site 9 failed
INFO - 2017-12-08 18:31:19,355 - Site 10 failed
INFO - 2017-12-08 18:31:19,356 - Clearing locks for T10 variable: x2
INFO - 2017-12-08 18:31:19,356 - Site 5 recovered
INFO - 2017-12-08 18:31:19,357 - T11 got write lock on x2
INFO - 2017-12-08 18:31:19,357 - T11 committed
INFO - 2017-12-08 18:31:19,357 - Clearing locks for T11 variable: x2
