INFO - 2017-12-06 13:57:36,374 - Starting T3
INFO - 2017-12-06 13:57:36,374 - Starting T1
INFO - 2017-12-06 13:57:36,374 - Starting T2
INFO - 2017-12-06 13:57:36,374 - T3 got write lock on x2
INFO - 2017-12-06 13:57:36,374 - T2 got write lock on x3
DEBUG - 2017-12-06 13:57:36,374 - T3 did not get write lock on x3 site: 4
INFO - 2017-12-06 13:57:36,374 - T3 is blocked by T2 on x3
INFO - 2017-12-06 13:57:36,374 - T2 committed
INFO - 2017-12-06 13:57:36,374 - Clearing locks for T2 variable: x3
INFO - 2017-12-06 13:57:36,374 - Site 4 failed
INFO - 2017-12-06 13:57:36,374 - T3 aborted as site 4 failed
INFO - 2017-12-06 13:57:36,375 - Clearing locks for T3 variable: x2
INFO - 2017-12-06 13:57:36,375 - T1 got read lock on x2 having value 20
INFO - 2017-12-06 13:57:36,376 - T1 read the value 20 of variable x2
INFO - 2017-12-06 13:57:36,376 - T1 committed
INFO - 2017-12-06 13:57:36,376 - Clearing locks for T1 variable: x2
