INFO - 2017-12-07 21:31:49,290 - Starting T6
INFO - 2017-12-07 21:31:49,290 - Starting T5
INFO - 2017-12-07 21:31:49,290 - Starting T4
INFO - 2017-12-07 21:31:49,290 - Starting T3
INFO - 2017-12-07 21:31:49,290 - Starting T2
INFO - 2017-12-07 21:31:49,291 - Starting T1
INFO - 2017-12-07 21:31:49,291 - T1 got read lock on x1 having value 10
INFO - 2017-12-07 21:31:49,291 - T2 got read lock on x2 having value 20
INFO - 2017-12-07 21:31:49,291 - T3 got read lock on x3 having value 30
INFO - 2017-12-07 21:31:49,291 - T4 got read lock on x4 having value 40
INFO - 2017-12-07 21:31:49,291 - T5 got read lock on x5 having value 50
INFO - 2017-12-07 21:31:49,291 - T6 got read lock on x6 having value 60
INFO - 2017-12-07 21:31:49,292 - T3 got read lock on x6 having value 60
INFO - 2017-12-07 21:31:49,292 - T6 is blocked for a write lock by T1 on x1
INFO - 2017-12-07 21:31:49,292 - T1 is blocked for a write lock by T2 on x2
INFO - 2017-12-07 21:31:49,292 - T2 is blocked for a write lock by T3 on x3
INFO - 2017-12-07 21:31:49,292 - T3 is blocked for a write lock by T4 on x4
INFO - 2017-12-07 21:31:49,292 - T4 is blocked for a write lock by T5 on x5
INFO - 2017-12-07 21:31:49,293 - T5 is blocked for a write lock by T6 on x6
INFO - 2017-12-07 21:31:49,293 - T5 is blocked for a write lock by T3 on x6
INFO - 2017-12-07 21:31:49,293 - T1 aborted as it is youngest in a deadlock
INFO - 2017-12-07 21:31:49,293 - Clearing locks for T1 variable: x1
INFO - 2017-12-07 21:31:49,293 - T3 aborted as it is youngest in a deadlock
INFO - 2017-12-07 21:31:49,293 - Clearing locks for T3 variable: x3
INFO - 2017-12-07 21:31:49,293 - Clearing locks for T3 variable: x6
INFO - 2017-12-07 21:31:49,293 - T6 got write lock on x1
INFO - 2017-12-07 21:31:49,293 - T2 got write lock on x3
INFO - 2017-12-07 21:31:49,294 - T2 read the value 20 of variable x2
INFO - 2017-12-07 21:31:49,294 - T2 committed
INFO - 2017-12-07 21:31:49,294 - Clearing locks for T2 variable: x2
INFO - 2017-12-07 21:31:49,294 - Clearing locks for T2 variable: x3
INFO - 2017-12-07 21:31:49,294 - T4 read the value 40 of variable x4
INFO - 2017-12-07 21:31:49,294 - T4 committed
INFO - 2017-12-07 21:31:49,294 - Clearing locks for T4 variable: x4
INFO - 2017-12-07 21:31:49,294 - T5 read the value 50 of variable x5
INFO - 2017-12-07 21:31:49,294 - T5 committed
INFO - 2017-12-07 21:31:49,294 - Clearing locks for T5 variable: x5
INFO - 2017-12-07 21:31:49,295 - T6 read the value 60 of variable x6
INFO - 2017-12-07 21:31:49,295 - T6 committed
INFO - 2017-12-07 21:31:49,295 - Clearing locks for T6 variable: x6
INFO - 2017-12-07 21:31:49,295 - Clearing locks for T6 variable: x1
INFO - 2017-12-07 21:31:49,295 - === Site 1 ===
INFO - 2017-12-07 21:31:49,295 - All other variables have same initial value
INFO - 2017-12-07 21:31:49,295 - === Site 2 ===
INFO - 2017-12-07 21:31:49,295 - x1:  61 at site 2
INFO - 2017-12-07 21:31:49,295 - All other variables have same initial value
INFO - 2017-12-07 21:31:49,295 - === Site 3 ===
INFO - 2017-12-07 21:31:49,295 - All other variables have same initial value
INFO - 2017-12-07 21:31:49,295 - === Site 4 ===
INFO - 2017-12-07 21:31:49,295 - x3:  23 at site 4
INFO - 2017-12-07 21:31:49,295 - All other variables have same initial value
INFO - 2017-12-07 21:31:49,295 - === Site 5 ===
INFO - 2017-12-07 21:31:49,295 - All other variables have same initial value
INFO - 2017-12-07 21:31:49,296 - === Site 6 ===
INFO - 2017-12-07 21:31:49,296 - All other variables have same initial value
INFO - 2017-12-07 21:31:49,296 - === Site 7 ===
INFO - 2017-12-07 21:31:49,296 - All other variables have same initial value
INFO - 2017-12-07 21:31:49,296 - === Site 8 ===
INFO - 2017-12-07 21:31:49,296 - All other variables have same initial value
INFO - 2017-12-07 21:31:49,296 - === Site 9 ===
INFO - 2017-12-07 21:31:49,296 - All other variables have same initial value
INFO - 2017-12-07 21:31:49,296 - === Site 10 ===
INFO - 2017-12-07 21:31:49,296 - All other variables have same initial value
