INFO - 2017-12-07 20:57:06,079 - Starting T1
INFO - 2017-12-07 20:57:06,079 - Starting T2
INFO - 2017-12-07 20:57:06,079 - Starting T3
INFO - 2017-12-07 20:57:06,079 - T1 got read lock on x2 having value 20
INFO - 2017-12-07 20:57:06,079 - T3 got read lock on x2 having value 20
INFO - 2017-12-07 20:57:06,080 - T2 is blocked for a write lock by T1 on x2
INFO - 2017-12-07 20:57:06,080 - T2 is blocked for a write lock by T3 on x2
INFO - 2017-12-07 20:57:06,080 - T1 read the value 20 of variable x2
INFO - 2017-12-07 20:57:06,080 - T1 committed
INFO - 2017-12-07 20:57:06,080 - Clearing locks for T1 variable: x2
INFO - 2017-12-07 20:57:06,080 - T3 read the value 20 of variable x2
INFO - 2017-12-07 20:57:06,080 - T3 committed
INFO - 2017-12-07 20:57:06,080 - Clearing locks for T3 variable: x2
INFO - 2017-12-07 20:57:06,081 - T2 got write lock on x2
INFO - 2017-12-07 20:57:06,081 - T2 committed
INFO - 2017-12-07 20:57:06,081 - Clearing locks for T2 variable: x2
INFO - 2017-12-07 20:57:06,081 - === Site 1 ===
INFO - 2017-12-07 20:57:06,081 - x2:  202 at site 1
INFO - 2017-12-07 20:57:06,081 - All other variables have same initial value
INFO - 2017-12-07 20:57:06,081 - === Site 2 ===
INFO - 2017-12-07 20:57:06,081 - x2:  202 at site 2
INFO - 2017-12-07 20:57:06,081 - All other variables have same initial value
INFO - 2017-12-07 20:57:06,081 - === Site 3 ===
INFO - 2017-12-07 20:57:06,081 - x2:  202 at site 3
INFO - 2017-12-07 20:57:06,081 - All other variables have same initial value
INFO - 2017-12-07 20:57:06,081 - === Site 4 ===
INFO - 2017-12-07 20:57:06,081 - x2:  202 at site 4
INFO - 2017-12-07 20:57:06,081 - All other variables have same initial value
INFO - 2017-12-07 20:57:06,081 - === Site 5 ===
INFO - 2017-12-07 20:57:06,082 - x2:  202 at site 5
INFO - 2017-12-07 20:57:06,082 - All other variables have same initial value
INFO - 2017-12-07 20:57:06,082 - === Site 6 ===
INFO - 2017-12-07 20:57:06,082 - x2:  202 at site 6
INFO - 2017-12-07 20:57:06,082 - All other variables have same initial value
INFO - 2017-12-07 20:57:06,082 - === Site 7 ===
INFO - 2017-12-07 20:57:06,082 - x2:  202 at site 7
INFO - 2017-12-07 20:57:06,082 - All other variables have same initial value
INFO - 2017-12-07 20:57:06,082 - === Site 8 ===
INFO - 2017-12-07 20:57:06,082 - x2:  202 at site 8
INFO - 2017-12-07 20:57:06,082 - All other variables have same initial value
INFO - 2017-12-07 20:57:06,082 - === Site 9 ===
INFO - 2017-12-07 20:57:06,082 - x2:  202 at site 9
INFO - 2017-12-07 20:57:06,082 - All other variables have same initial value
INFO - 2017-12-07 20:57:06,082 - === Site 10 ===
INFO - 2017-12-07 20:57:06,082 - x2:  202 at site 10
INFO - 2017-12-07 20:57:06,082 - All other variables have same initial value
