INFO - 2017-12-06 13:56:53,067 - Starting T1
INFO - 2017-12-06 13:56:53,067 - Starting T2
INFO - 2017-12-06 13:56:53,067 - Starting T3
INFO - 2017-12-06 13:56:53,067 - T3 got write lock on x2
INFO - 2017-12-06 13:56:53,068 - T2 got write lock on x4
DEBUG - 2017-12-06 13:56:53,068 - T3 did not get write lock on x4 site: 1
DEBUG - 2017-12-06 13:56:53,068 - T3 did not get write lock on x4 site: 2
DEBUG - 2017-12-06 13:56:53,068 - T3 did not get write lock on x4 site: 3
DEBUG - 2017-12-06 13:56:53,068 - T3 did not get write lock on x4 site: 4
DEBUG - 2017-12-06 13:56:53,068 - T3 did not get write lock on x4 site: 5
DEBUG - 2017-12-06 13:56:53,068 - T3 did not get write lock on x4 site: 6
DEBUG - 2017-12-06 13:56:53,068 - T3 did not get write lock on x4 site: 7
DEBUG - 2017-12-06 13:56:53,069 - T3 did not get write lock on x4 site: 8
DEBUG - 2017-12-06 13:56:53,069 - T3 did not get write lock on x4 site: 9
DEBUG - 2017-12-06 13:56:53,069 - T3 did not get write lock on x4 site: 10
INFO - 2017-12-06 13:56:53,069 - T3 is blocked by T2 on x4
INFO - 2017-12-06 13:56:53,069 - T2 committed
INFO - 2017-12-06 13:56:53,070 - Clearing locks for T2 variable: x4
INFO - 2017-12-06 13:56:53,070 - T3 got read lock on x4 having value 44
INFO - 2017-12-06 13:56:53,070 - T3 read the value 44 of variable x4
INFO - 2017-12-06 13:56:53,070 - T3 committed
INFO - 2017-12-06 13:56:53,070 - Clearing locks for T3 variable: x2
INFO - 2017-12-06 13:56:53,070 - Clearing locks for T3 variable: x4
INFO - 2017-12-06 13:56:53,070 - T1 got read lock on x2 having value 22
INFO - 2017-12-06 13:56:53,070 - T1 read the value 22 of variable x2
INFO - 2017-12-06 13:56:53,070 - T1 committed
INFO - 2017-12-06 13:56:53,070 - Clearing locks for T1 variable: x2
