INFO - 2017-12-07 19:29:16,303 - Starting T5
INFO - 2017-12-07 19:29:16,303 - Starting T4
INFO - 2017-12-07 19:29:16,303 - Starting T3
INFO - 2017-12-07 19:29:16,303 - Starting T2
INFO - 2017-12-07 19:29:16,303 - Starting T1
INFO - 2017-12-07 19:29:16,303 - T1 got write lock on x4
INFO - 2017-12-07 19:29:16,303 - Site 2 failed
INFO - 2017-12-07 19:29:16,303 - T1 aborted as site 2 failed
INFO - 2017-12-07 19:29:16,303 - Clearing locks for T1 variable: x4
INFO - 2017-12-07 19:29:16,304 - T2 got write lock on x4
INFO - 2017-12-07 19:29:16,304 - Site 2 recovered
INFO - 2017-12-07 19:29:16,304 - T3 is blocked for a write lock by T2 on x4
INFO - 2017-12-07 19:29:16,304 - T4 is blocked for a write lock by T2 on x4
INFO - 2017-12-07 19:29:16,304 - T5 is blocked for a write lock by T2 on x4
INFO - 2017-12-07 19:29:16,304 - T2 committed
INFO - 2017-12-07 19:29:16,304 - Clearing locks for T2 variable: x4
INFO - 2017-12-07 19:29:16,304 - T3 got write lock on x4
INFO - 2017-12-07 19:29:16,304 - T4 is blocked for a write lock by T3 on x4
INFO - 2017-12-07 19:29:16,305 - T5 is blocked for a write lock by T3 on x4
INFO - 2017-12-07 19:29:16,305 - T3 committed
INFO - 2017-12-07 19:29:16,305 - Clearing locks for T3 variable: x4
INFO - 2017-12-07 19:29:16,305 - T4 got write lock on x4
INFO - 2017-12-07 19:29:16,305 - T5 is blocked for a write lock by T4 on x4
INFO - 2017-12-07 19:29:16,305 - T4 already has a write lock on x4
INFO - 2017-12-07 19:29:16,305 - T4 committed
INFO - 2017-12-07 19:29:16,305 - Clearing locks for T4 variable: x4
INFO - 2017-12-07 19:29:16,305 - T5 got write lock on x4
INFO - 2017-12-07 19:29:16,305 - T5 already has a write lock on x4
INFO - 2017-12-07 19:29:16,305 - T5 already has a write lock on x4
INFO - 2017-12-07 19:29:16,305 - T5 committed
INFO - 2017-12-07 19:29:16,306 - Clearing locks for T5 variable: x4
INFO - 2017-12-07 19:29:16,306 - === Site 1 ===
INFO - 2017-12-07 19:29:16,306 - x4:  77 at site 1
INFO - 2017-12-07 19:29:16,306 - All other variables have same initial value
INFO - 2017-12-07 19:29:16,306 - === Site 2 ===
INFO - 2017-12-07 19:29:16,306 - x1: 10 (available at site 2 for reading as it is the only copy or has been written after recovery)
INFO - 2017-12-07 19:29:16,306 - x2: is not available for reading
INFO - 2017-12-07 19:29:16,306 - x4: 77 (available at site 2 for reading as it is the only copy or has been written after recovery)
INFO - 2017-12-07 19:29:16,306 - x6: is not available for reading
INFO - 2017-12-07 19:29:16,306 - x8: is not available for reading
INFO - 2017-12-07 19:29:16,306 - x10: is not available for reading
INFO - 2017-12-07 19:29:16,306 - x11: 110 (available at site 2 for reading as it is the only copy or has been written after recovery)
INFO - 2017-12-07 19:29:16,306 - x12: is not available for reading
INFO - 2017-12-07 19:29:16,306 - x14: is not available for reading
INFO - 2017-12-07 19:29:16,306 - x16: is not available for reading
INFO - 2017-12-07 19:29:16,306 - x18: is not available for reading
INFO - 2017-12-07 19:29:16,306 - x20: is not available for reading
INFO - 2017-12-07 19:29:16,306 - === Site 3 ===
INFO - 2017-12-07 19:29:16,306 - x4:  77 at site 3
INFO - 2017-12-07 19:29:16,306 - All other variables have same initial value
INFO - 2017-12-07 19:29:16,306 - === Site 4 ===
INFO - 2017-12-07 19:29:16,306 - x4:  77 at site 4
INFO - 2017-12-07 19:29:16,306 - All other variables have same initial value
INFO - 2017-12-07 19:29:16,306 - === Site 5 ===
INFO - 2017-12-07 19:29:16,307 - x4:  77 at site 5
INFO - 2017-12-07 19:29:16,307 - All other variables have same initial value
INFO - 2017-12-07 19:29:16,307 - === Site 6 ===
INFO - 2017-12-07 19:29:16,307 - x4:  77 at site 6
INFO - 2017-12-07 19:29:16,307 - All other variables have same initial value
INFO - 2017-12-07 19:29:16,307 - === Site 7 ===
INFO - 2017-12-07 19:29:16,307 - x4:  77 at site 7
INFO - 2017-12-07 19:29:16,307 - All other variables have same initial value
INFO - 2017-12-07 19:29:16,307 - === Site 8 ===
INFO - 2017-12-07 19:29:16,307 - x4:  77 at site 8
INFO - 2017-12-07 19:29:16,307 - All other variables have same initial value
INFO - 2017-12-07 19:29:16,307 - === Site 9 ===
INFO - 2017-12-07 19:29:16,307 - x4:  77 at site 9
INFO - 2017-12-07 19:29:16,307 - All other variables have same initial value
INFO - 2017-12-07 19:29:16,307 - === Site 10 ===
INFO - 2017-12-07 19:29:16,307 - x4:  77 at site 10
INFO - 2017-12-07 19:29:16,307 - All other variables have same initial value
