INFO - 2017-12-06 13:56:58,566 - Starting T1
INFO - 2017-12-06 13:56:58,566 - Starting T2
INFO - 2017-12-06 13:56:58,566 - T1 got read lock on x2 having value 20
INFO - 2017-12-06 13:56:58,566 - T2 got read lock on x2 having value 20
INFO - 2017-12-06 13:56:58,566 - T2 is blocked by T1 on x2
INFO - 2017-12-06 13:56:58,566 - T1 read the value 20 of variable x2
INFO - 2017-12-06 13:56:58,566 - T1 committed
INFO - 2017-12-06 13:56:58,566 - Clearing locks for T1 variable: x2
INFO - 2017-12-06 13:56:58,566 - T2 got write lock on x2
INFO - 2017-12-06 13:56:58,566 - T2 read the value 20 of variable x2
INFO - 2017-12-06 13:56:58,567 - T2 committed
INFO - 2017-12-06 13:56:58,567 - Clearing locks for T2 variable: x2
INFO - 2017-12-06 13:56:58,567 - Clearing locks for T2 variable: x2
