INFO - 2017-12-06 13:57:42,846 - Starting T1
INFO - 2017-12-06 13:57:42,846 - Starting T2
INFO - 2017-12-06 13:57:42,846 - Starting T3
INFO - 2017-12-06 13:57:42,846 - Starting T4
INFO - 2017-12-06 13:57:42,846 - Starting T5
INFO - 2017-12-06 13:57:42,846 - T3 got read lock on x3 having value 30
INFO - 2017-12-06 13:57:42,846 - T4 got read lock on x4 having value 40
INFO - 2017-12-06 13:57:42,847 - T5 got read lock on x5 having value 50
INFO - 2017-12-06 13:57:42,847 - T1 got read lock on x1 having value 10
INFO - 2017-12-06 13:57:42,847 - T2 got read lock on x2 having value 20
DEBUG - 2017-12-06 13:57:42,847 - T1 did not get write lock on x2 site: 1
INFO - 2017-12-06 13:57:42,847 - T1 is blocked by T2 on x2
DEBUG - 2017-12-06 13:57:42,847 - T2 did not get write lock on x3 site: 4
INFO - 2017-12-06 13:57:42,865 - T2 is blocked by T3 on x3
DEBUG - 2017-12-06 13:57:42,865 - T3 did not get write lock on x4 site: 1
INFO - 2017-12-06 13:57:42,865 - T3 is blocked by T4 on x4
DEBUG - 2017-12-06 13:57:42,865 - T4 did not get write lock on x5 site: 6
INFO - 2017-12-06 13:57:42,865 - T4 is blocked by T5 on x5
DEBUG - 2017-12-06 13:57:42,866 - T5 did not get write lock on x1 site: 2
INFO - 2017-12-06 13:57:42,866 - T5 is blocked by T1 on x1
INFO - 2017-12-06 13:57:42,866 - T5 aborted as it is youngest in a deadlock
INFO - 2017-12-06 13:57:42,866 - Clearing locks for T5 variable: x5
INFO - 2017-12-06 13:57:42,866 - T4 got write lock on x5
INFO - 2017-12-06 13:57:42,866 - T4 read the value 40 of variable x4
INFO - 2017-12-06 13:57:42,866 - T4 committed
INFO - 2017-12-06 13:57:42,866 - Clearing locks for T4 variable: x4
INFO - 2017-12-06 13:57:42,866 - Clearing locks for T4 variable: x5
INFO - 2017-12-06 13:57:42,866 - T3 got write lock on x4
INFO - 2017-12-06 13:57:42,866 - T3 read the value 30 of variable x3
INFO - 2017-12-06 13:57:42,866 - T3 committed
INFO - 2017-12-06 13:57:42,866 - Clearing locks for T3 variable: x3
INFO - 2017-12-06 13:57:42,866 - Clearing locks for T3 variable: x4
INFO - 2017-12-06 13:57:42,866 - T2 got write lock on x3
INFO - 2017-12-06 13:57:42,867 - T2 read the value 20 of variable x2
INFO - 2017-12-06 13:57:42,867 - T2 committed
INFO - 2017-12-06 13:57:42,867 - Clearing locks for T2 variable: x2
INFO - 2017-12-06 13:57:42,867 - Clearing locks for T2 variable: x3
INFO - 2017-12-06 13:57:42,867 - T1 got write lock on x2
INFO - 2017-12-06 13:57:42,867 - T1 read the value 10 of variable x1
INFO - 2017-12-06 13:57:42,867 - T1 committed
INFO - 2017-12-06 13:57:42,867 - Clearing locks for T1 variable: x1
INFO - 2017-12-06 13:57:42,867 - Clearing locks for T1 variable: x2
