INFO - 2017-12-06 14:03:18,138 - Starting T1
INFO - 2017-12-06 14:03:18,138 - Starting T2
INFO - 2017-12-06 14:03:18,138 - Site 3 failed
INFO - 2017-12-06 14:03:18,138 - Site 4 failed
INFO - 2017-12-06 14:03:18,138 - T1 got read lock on x1 having value 10
INFO - 2017-12-06 14:03:18,138 - T2 got write lock on x8
INFO - 2017-12-06 14:03:18,138 - T1 read the value 10 of variable x1
INFO - 2017-12-06 14:03:18,138 - T1 committed
INFO - 2017-12-06 14:03:18,138 - Clearing locks for T1 variable: x1
INFO - 2017-12-06 14:03:18,138 - T2 is waiting on x3
INFO - 2017-12-06 14:03:18,138 - Site 4 recovered
INFO - 2017-12-06 14:03:18,138 - Site 3 recovered
INFO - 2017-12-06 14:03:18,139 - Although, the site holding x3 is recovering, T2 got read lock on x3 having value 30 since its the only copy
INFO - 2017-12-06 14:03:18,190 - T2 read the value 30 of variable x3
INFO - 2017-12-06 14:03:18,190 - T2 committed
INFO - 2017-12-06 14:03:18,190 - Clearing locks for T2 variable: x8
INFO - 2017-12-06 14:03:18,191 - Clearing locks for T2 variable: x3
INFO - 2017-12-06 14:03:18,191 - === Site 1 ===
INFO - 2017-12-06 14:03:18,191 - x8:  88 at site 1
INFO - 2017-12-06 14:03:18,191 - All other variables have same initial value
INFO - 2017-12-06 14:03:18,191 - === Site 2 ===
INFO - 2017-12-06 14:03:18,191 - x8:  88 at site 2
INFO - 2017-12-06 14:03:18,191 - All other variables have same initial value
INFO - 2017-12-06 14:03:18,191 - === Site 3 ===
INFO - 2017-12-06 14:03:18,191 - x2: is not available for reading
INFO - 2017-12-06 14:03:18,191 - x4: is not available for reading
INFO - 2017-12-06 14:03:18,191 - x6: is not available for reading
INFO - 2017-12-06 14:03:18,191 - x8: is not available for reading
INFO - 2017-12-06 14:03:18,191 - x10: is not available for reading
INFO - 2017-12-06 14:03:18,191 - x12: is not available for reading
INFO - 2017-12-06 14:03:18,191 - x14: is not available for reading
INFO - 2017-12-06 14:03:18,191 - x16: is not available for reading
INFO - 2017-12-06 14:03:18,191 - x18: is not available for reading
INFO - 2017-12-06 14:03:18,192 - x20: is not available for reading
INFO - 2017-12-06 14:03:18,192 - === Site 4 ===
INFO - 2017-12-06 14:03:18,192 - x2: is not available for reading
INFO - 2017-12-06 14:03:18,192 - x3: 30 (available at site 4 for reading as it is the only copy or has been written after recovery)
INFO - 2017-12-06 14:03:18,192 - x4: is not available for reading
INFO - 2017-12-06 14:03:18,192 - x6: is not available for reading
INFO - 2017-12-06 14:03:18,192 - x8: is not available for reading
INFO - 2017-12-06 14:03:18,192 - x10: is not available for reading
INFO - 2017-12-06 14:03:18,192 - x12: is not available for reading
INFO - 2017-12-06 14:03:18,192 - x13: 130 (available at site 4 for reading as it is the only copy or has been written after recovery)
INFO - 2017-12-06 14:03:18,192 - x14: is not available for reading
INFO - 2017-12-06 14:03:18,192 - x16: is not available for reading
INFO - 2017-12-06 14:03:18,192 - x18: is not available for reading
INFO - 2017-12-06 14:03:18,192 - x20: is not available for reading
INFO - 2017-12-06 14:03:18,192 - === Site 5 ===
INFO - 2017-12-06 14:03:18,192 - x8:  88 at site 5
INFO - 2017-12-06 14:03:18,192 - All other variables have same initial value
INFO - 2017-12-06 14:03:18,192 - === Site 6 ===
INFO - 2017-12-06 14:03:18,192 - x8:  88 at site 6
INFO - 2017-12-06 14:03:18,192 - All other variables have same initial value
INFO - 2017-12-06 14:03:18,192 - === Site 7 ===
INFO - 2017-12-06 14:03:18,193 - x8:  88 at site 7
INFO - 2017-12-06 14:03:18,193 - All other variables have same initial value
INFO - 2017-12-06 14:03:18,193 - === Site 8 ===
INFO - 2017-12-06 14:03:18,193 - x8:  88 at site 8
INFO - 2017-12-06 14:03:18,193 - All other variables have same initial value
INFO - 2017-12-06 14:03:18,193 - === Site 9 ===
INFO - 2017-12-06 14:03:18,193 - x8:  88 at site 9
INFO - 2017-12-06 14:03:18,193 - All other variables have same initial value
INFO - 2017-12-06 14:03:18,193 - === Site 10 ===
INFO - 2017-12-06 14:03:18,193 - x8:  88 at site 10
INFO - 2017-12-06 14:03:18,193 - All other variables have same initial value
